[    0.000000] Initializing cgroup subsys cpuset
[    0.000000] Initializing cgroup subsys cpu
[    0.000000] Initializing cgroup subsys cpuacct
[    0.000000] Linux version 4.4.0-89-generic (buildd@lgw01-18) (gcc version 5.4.0 20160609 (Ubuntu 5.4.0-6ubuntu1~16.04.4) ) #112-Ubuntu SMP Mon Jul 31 19:38:41 UTC 2017 (Ubuntu 4.4.0-89.112-generic 4.4.76)
[    0.000000] Command line: BOOT_IMAGE=/boot/vmlinuz-4.4.0-89-generic root=LABEL=cloudimg-rootfs ro console=tty1 console=ttyS0
[    0.000000] KERNEL supported cpus:
[    0.000000]   Intel GenuineIntel
[    0.000000]   AMD AuthenticAMD
[    0.000000]   Centaur CentaurHauls
[    0.000000] x86/fpu: xstate_offset[2]:  576, xstate_sizes[2]:  256
[    0.000000] x86/fpu: Supporting XSAVE feature 0x01: 'x87 floating point registers'
[    0.000000] x86/fpu: Supporting XSAVE feature 0x02: 'SSE registers'
[    0.000000] x86/fpu: Supporting XSAVE feature 0x04: 'AVX registers'
[    0.000000] x86/fpu: Enabled xstate features 0x7, context size is 832 bytes, using 'standard' format.
[    0.000000] x86/fpu: Using 'lazy' FPU context switches.
[    0.000000] e820: BIOS-provided physical RAM map:
[    0.000000] BIOS-e820: [mem 0x0000000000000000-0x000000000009fbff] usable
[    0.000000] BIOS-e820: [mem 0x000000000009fc00-0x000000000009ffff] reserved
[    0.000000] BIOS-e820: [mem 0x00000000000f0000-0x00000000000fffff] reserved
[    0.000000] BIOS-e820: [mem 0x0000000000100000-0x000000003ffeffff] usable
[    0.000000] BIOS-e820: [mem 0x000000003fff0000-0x000000003fffffff] ACPI data
[    0.000000] BIOS-e820: [mem 0x00000000fec00000-0x00000000fec00fff] reserved
[    0.000000] BIOS-e820: [mem 0x00000000fee00000-0x00000000fee00fff] reserved
[    0.000000] BIOS-e820: [mem 0x00000000fffc0000-0x00000000ffffffff] reserved
[    0.000000] NX (Execute Disable) protection: active
[    0.000000] SMBIOS 2.5 present.
[    0.000000] Hypervisor detected: KVM
[    0.000000] e820: last_pfn = 0x3fff0 max_arch_pfn = 0x400000000
[    0.000000] MTRR: Disabled
[    0.000000] x86/PAT: MTRRs disabled, skipping PAT initialization too.
[    0.000000] x86/PAT: Configuration [0-7]: WB  WT  UC- UC  WB  WT  UC- UC  
[    0.000000] CPU MTRRs all blank - virtualized system.
[    0.000000] found SMP MP-table at [mem 0x0009fff0-0x0009ffff] mapped at [ffff88000009fff0]
[    0.000000] Scanning 1 areas for low memory corruption
[    0.000000] RAMDISK: [mem 0x36ac4000-0x37559fff]
[    0.000000] ACPI: Early table checksum verification disabled
[    0.000000] ACPI: RSDP 0x00000000000E0000 000024 (v02 VBOX  )
[    0.000000] ACPI: XSDT 0x000000003FFF0030 00003C (v01 VBOX   VBOXXSDT 00000001 ASL  00000061)
[    0.000000] ACPI: FACP 0x000000003FFF00F0 0000F4 (v04 VBOX   VBOXFACP 00000001 ASL  00000061)
[    0.000000] ACPI: DSDT 0x000000003FFF0470 0021C8 (v02 VBOX   VBOXBIOS 00000002 INTL 20100528)
[    0.000000] ACPI: FACS 0x000000003FFF0200 000040
[    0.000000] ACPI: FACS 0x000000003FFF0200 000040
[    0.000000] ACPI: APIC 0x000000003FFF0240 00005C (v02 VBOX   VBOXAPIC 00000001 ASL  00000061)
[    0.000000] ACPI: SSDT 0x000000003FFF02A0 0001CC (v01 VBOX   VBOXCPUT 00000002 INTL 20100528)
[    0.000000] No NUMA configuration found
[    0.000000] Faking a node at [mem 0x0000000000000000-0x000000003ffeffff]
[    0.000000] NODE_DATA(0) allocated [mem 0x3ffeb000-0x3ffeffff]
[    0.000000] kvm-clock: Using msrs 4b564d01 and 4b564d00
[    0.000000] kvm-clock: cpu 0, msr 0:3ffe3001, primary cpu clock
[    0.000000] kvm-clock: using sched offset of 3143675726 cycles
[    0.000000] clocksource: kvm-clock: mask: 0xffffffffffffffff max_cycles: 0x1cd42e4dffb, max_idle_ns: 881590591483 ns
[    0.000000] Zone ranges:
[    0.000000]   DMA      [mem 0x0000000000001000-0x0000000000ffffff]
[    0.000000]   DMA32    [mem 0x0000000001000000-0x000000003ffeffff]
[    0.000000]   Normal   empty
[    0.000000]   Device   empty
[    0.000000] Movable zone start for each node
[    0.000000] Early memory node ranges
[    0.000000]   node   0: [mem 0x0000000000001000-0x000000000009efff]
[    0.000000]   node   0: [mem 0x0000000000100000-0x000000003ffeffff]
[    0.000000] Initmem setup node 0 [mem 0x0000000000001000-0x000000003ffeffff]
[    0.000000] ACPI: PM-Timer IO Port: 0x4008
[    0.000000] IOAPIC[0]: apic_id 2, version 32, address 0xfec00000, GSI 0-23
[    0.000000] ACPI: INT_SRC_OVR (bus 0 bus_irq 0 global_irq 2 dfl dfl)
[    0.000000] ACPI: INT_SRC_OVR (bus 0 bus_irq 9 global_irq 9 high level)
[    0.000000] Using ACPI (MADT) for SMP configuration information
[    0.000000] smpboot: Allowing 2 CPUs, 0 hotplug CPUs
[    0.000000] PM: Registered nosave memory: [mem 0x00000000-0x00000fff]
[    0.000000] PM: Registered nosave memory: [mem 0x0009f000-0x0009ffff]
[    0.000000] PM: Registered nosave memory: [mem 0x000a0000-0x000effff]
[    0.000000] PM: Registered nosave memory: [mem 0x000f0000-0x000fffff]
[    0.000000] e820: [mem 0x40000000-0xfebfffff] available for PCI devices
[    0.000000] Booting paravirtualized kernel on KVM
[    0.000000] clocksource: refined-jiffies: mask: 0xffffffff max_cycles: 0xffffffff, max_idle_ns: 7645519600211568 ns
[    0.000000] setup_percpu: NR_CPUS:512 nr_cpumask_bits:512 nr_cpu_ids:2 nr_node_ids:1
[    0.000000] PERCPU: Embedded 33 pages/cpu @ffff88003fc00000 s98264 r8192 d28712 u1048576
[    0.000000] PV qspinlock hash table entries: 256 (order: 0, 4096 bytes)
[    0.000000] Built 1 zonelists in Node order, mobility grouping on.  Total pages: 257913
[    0.000000] Policy zone: DMA32
[    0.000000] Kernel command line: BOOT_IMAGE=/boot/vmlinuz-4.4.0-89-generic root=LABEL=cloudimg-rootfs ro console=tty1 console=ttyS0
[    0.000000] PID hash table entries: 4096 (order: 3, 32768 bytes)
[    0.000000] Memory: 1001736K/1048120K available (8474K kernel code, 1294K rwdata, 3984K rodata, 1488K init, 1316K bss, 46384K reserved, 0K cma-reserved)
[    0.000000] SLUB: HWalign=64, Order=0-3, MinObjects=0, CPUs=2, Nodes=1
[    0.000000] Hierarchical RCU implementation.
[    0.000000] 	Build-time adjustment of leaf fanout to 64.
[    0.000000] 	RCU restricting CPUs from NR_CPUS=512 to nr_cpu_ids=2.
[    0.000000] RCU: Adjusting geometry for rcu_fanout_leaf=64, nr_cpu_ids=2
[    0.000000] NR_IRQS:33024 nr_irqs:440 16
[    0.000000] Console: colour VGA+ 80x25
[    0.000000] console [tty1] enabled
[    0.000000] console [ttyS0] enabled
[    0.000000] tsc: Detected 1599.999 MHz processor
[    3.840732] Calibrating delay loop (skipped) preset value.. 3199.99 BogoMIPS (lpj=6399996)
[    3.897283] pid_max: default: 32768 minimum: 301
[    3.943102] ACPI: Core revision 20150930
[    3.989348] ACPI: 2 ACPI AML tables successfully acquired and loaded
[    4.062235] Security Framework initialized
[    4.083665] Yama: becoming mindful.
[    4.106920] AppArmor: AppArmor initialized
[    4.142076] Dentry cache hash table entries: 131072 (order: 8, 1048576 bytes)
[    4.208132] Inode-cache hash table entries: 65536 (order: 7, 524288 bytes)
[    4.268125] Mount-cache hash table entries: 2048 (order: 2, 16384 bytes)
[    4.296008] Mountpoint-cache hash table entries: 2048 (order: 2, 16384 bytes)
[    4.307790] Initializing cgroup subsys io
[    4.347407] Initializing cgroup subsys memory
[    4.388161] Initializing cgroup subsys devices
[    4.435111] Initializing cgroup subsys freezer
[    4.484333] Initializing cgroup subsys net_cls
[    4.528213] Initializing cgroup subsys perf_event
[    4.579195] Initializing cgroup subsys net_prio
[    4.613592] Initializing cgroup subsys hugetlb
[    4.647993] Initializing cgroup subsys pids
[    4.682680] CPU: Physical Processor ID: 0
[    4.695355] CPU: Processor Core ID: 0
[    4.731381] mce: CPU supports 0 MCE banks
[    4.757790] Last level iTLB entries: 4KB 64, 2MB 8, 4MB 8
[    4.764850] Last level dTLB entries: 4KB 64, 2MB 0, 4MB 0, 1GB 4
[    4.770608] Freeing SMP alternatives memory: 32K (ffffffff820b9000 - ffffffff820c1000)
[    4.825593] ftrace: allocating 32131 entries in 126 pages
[    4.921468] smpboot: APIC(0) Converting physical 0 to logical package 0
[    4.977578] smpboot: Max logical packages: 1
[    5.015376] x2apic enabled
[    5.046708] Switched APIC routing to physical x2apic.
[    5.097514] ..TIMER: vector=0x30 apic1=0 pin1=2 apic2=-1 pin2=-1
[    5.274329] smpboot: CPU0: Intel(R) Core(TM) i5-5250U CPU @ 1.60GHz (family: 0x6, model: 0x3d, stepping: 0x4)
[    5.376837] Performance Events: unsupported p6 CPU model 61 no PMU driver, software events only.
[    5.455231] KVM setup paravirtual spinlock
[    5.501416] x86: Booting SMP configuration:
[    5.542186] .... node  #0, CPUs:      #1
[    5.583328] kvm-clock: cpu 1, msr 0:3ffe3041, secondary cpu clock
[    5.587632] mce: CPU supports 0 MCE banks
[    5.590517] x86: Booted up 1 node, 2 CPUs
[    5.629192] smpboot: Total of 2 processors activated (6399.99 BogoMIPS)
[    5.680126] devtmpfs: initialized
[    5.714205] evm: security.selinux
[    5.731308] evm: security.SMACK64
[    5.772959] evm: security.SMACK64EXEC
[    5.810911] evm: security.SMACK64TRANSMUTE
[    5.839448] evm: security.SMACK64MMAP
[    5.863568] evm: security.ima
[    5.864783] evm: security.capability
[    5.877455] clocksource: jiffies: mask: 0xffffffff max_cycles: 0xffffffff, max_idle_ns: 7645041785100000 ns
[    5.908036] futex hash table entries: 512 (order: 3, 32768 bytes)
[    5.959744] pinctrl core: initialized pinctrl subsystem
[    5.980133] RTC time:  9:12:29, date: 08/14/17
[    5.998241] NET: Registered protocol family 16
[    6.051276] cpuidle: using governor ladder
[    6.083212] cpuidle: using governor menu
[    6.090592] PCCT header not found.
[    6.111592] ACPI: bus type PCI registered
[    6.139971] acpiphp: ACPI Hot Plug PCI Controller Driver version: 0.5
[    6.141805] PCI: Using configuration type 1 for base access
[    6.160772] ACPI: Added _OSI(Module Device)
[    6.199464] ACPI: Added _OSI(Processor Device)
[    6.248396] ACPI: Added _OSI(3.0 _SCP Extensions)
[    6.289207] ACPI: Added _OSI(Processor Aggregator Device)
[    6.340543] ACPI: Executed 1 blocks of module-level executable AML code
[    6.399700] ACPI: Interpreter enabled
[    6.416700] ACPI: (supports S0 S5)
[    6.447815] ACPI: Using IOAPIC for interrupt routing
[    6.499879] PCI: Using host bridge windows from ACPI; if necessary, use "pci=nocrs" and report a bug
[    6.582922] ACPI: PCI Root Bridge [PCI0] (domain 0000 [bus 00-ff])
[    6.633716] acpi PNP0A03:00: _OSC: OS supports [ASPM ClockPM Segments MSI]
[    6.645144] acpi PNP0A03:00: _OSC failed (AE_NOT_FOUND); disabling ASPM
[    6.678809] acpi PNP0A03:00: fail to add MMCONFIG information, can't access extended PCI configuration space under this bridge.
[    6.706873] PCI host bridge to bus 0000:00
[    6.732796] pci_bus 0000:00: root bus resource [io  0x0000-0x0cf7 window]
[    6.781839] pci_bus 0000:00: root bus resource [io  0x0d00-0xffff window]
[    6.834006] pci_bus 0000:00: root bus resource [mem 0x000a0000-0x000bffff window]
[    6.840516] pci_bus 0000:00: root bus resource [mem 0x40000000-0xffdfffff window]
[    6.912421] pci_bus 0000:00: root bus resource [bus 00-ff]
[    6.963890] pci 0000:00:01.1: legacy IDE quirk: reg 0x10: [io  0x01f0-0x01f7]
[    6.995952] pci 0000:00:01.1: legacy IDE quirk: reg 0x14: [io  0x03f6]
[    7.001989] pci 0000:00:01.1: legacy IDE quirk: reg 0x18: [io  0x0170-0x0177]
[    7.006875] pci 0000:00:01.1: legacy IDE quirk: reg 0x1c: [io  0x0376]
[    7.047089] pci 0000:00:07.0: quirk: [io  0x4000-0x403f] claimed by PIIX4 ACPI
[    7.098207] pci 0000:00:07.0: quirk: [io  0x4100-0x410f] claimed by PIIX4 SMB
[    7.152609] ACPI: PCI Interrupt Link [LNKA] (IRQs 5 9 10 *11)
[    7.216365] ACPI: PCI Interrupt Link [LNKB] (IRQs 5 9 10 *11)
[    7.274511] ACPI: PCI Interrupt Link [LNKC] (IRQs 5 9 *10 11)
[    7.324334] ACPI: PCI Interrupt Link [LNKD] (IRQs 5 *9 10 11)
[    7.385760] ACPI: Enabled 2 GPEs in block 00 to 07
[    7.427685] vgaarb: setting as boot device: PCI:0000:00:02.0
[    7.483723] vgaarb: device added: PCI:0000:00:02.0,decodes=io+mem,owns=io+mem,locks=none
[    7.485912] vgaarb: loaded
[    7.512993] vgaarb: bridge control possible 0000:00:02.0
[    7.570782] SCSI subsystem initialized
[    7.592044] ACPI: bus type USB registered
[    7.607866] usbcore: registered new interface driver usbfs
[    7.676783] usbcore: registered new interface driver hub
[    7.716191] usbcore: registered new device driver usb
[    7.732696] PCI: Using ACPI for IRQ routing
[    7.769695] NetLabel: Initializing
[    7.778489] NetLabel:  domain hash size = 128
[    7.825052] NetLabel:  protocols = UNLABELED CIPSOv4
[    7.858079] NetLabel:  unlabeled traffic allowed by default
[    7.902445] amd_nb: Cannot enumerate AMD northbridges
[    7.955919] clocksource: Switched to clocksource kvm-clock
[    8.022007] AppArmor: AppArmor Filesystem Enabled
[    8.038558] pnp: PnP ACPI init
[    8.041289] pnp: PnP ACPI: found 3 devices
[    8.096633] clocksource: acpi_pm: mask: 0xffffff max_cycles: 0xffffff, max_idle_ns: 2085701024 ns
[    8.134999] NET: Registered protocol family 2
[    8.138485] TCP established hash table entries: 8192 (order: 4, 65536 bytes)
[    8.163538] TCP bind hash table entries: 8192 (order: 5, 131072 bytes)
[    8.256888] TCP: Hash tables configured (established 8192 bind 8192)
[    8.317694] UDP hash table entries: 512 (order: 2, 16384 bytes)
[    8.392156] UDP-Lite hash table entries: 512 (order: 2, 16384 bytes)
[    8.437489] NET: Registered protocol family 1
[    8.441304] pci 0000:00:00.0: Limiting direct PCI/PCI transfers
[    8.448425] pci 0000:00:01.0: Activating ISA DMA hang workarounds
[    8.453320] Unpacking initramfs...
[   10.610537] Freeing initrd memory: 10840K (ffff880036ac4000 - ffff88003755a000)
[   10.633935] RAPL PMU detected, API unit is 2^-32 Joules, 4 fixed counters 10737418240 ms ovfl timer
[   10.663823] hw unit of domain pp0-core 2^-0 Joules
[   10.710537] hw unit of domain package 2^-0 Joules
[   10.740563] hw unit of domain dram 2^-0 Joules
[   10.781748] hw unit of domain pp1-gpu 2^-0 Joules
[   10.816891] platform rtc_cmos: registered platform RTC device (no PNP device found)
[   10.862005] Scanning for low memory corruption every 60 seconds
[   10.943768] audit: initializing netlink subsys (disabled)
[   11.016896] audit: type=2000 audit(1502701951.260:1): initialized
[   11.103645] Initialise system trusted keyring
[   11.189848] HugeTLB registered 2 MB page size, pre-allocated 0 pages
[   11.252542] zbud: loaded
[   11.287103] VFS: Disk quotas dquot_6.6.0
[   11.347164] VFS: Dquot-cache hash table entries: 512 (order 0, 4096 bytes)
[   11.407607] squashfs: version 4.0 (2009/01/31) Phillip Lougher
[   11.409491] fuse init (API version 7.23)
[   11.467731] Key type big_key registered
[   11.502897] Allocating IMA MOK and blacklist keyrings.
[   11.505769] Key type asymmetric registered
[   11.518365] Asymmetric key parser 'x509' registered
[   11.526034] Block layer SCSI generic (bsg) driver version 0.4 loaded (major 249)
[   11.546209] io scheduler noop registered
[   11.564564] io scheduler deadline registered (default)
[   11.574348] io scheduler cfq registered
[   11.588194] pci_hotplug: PCI Hot Plug PCI Core version: 0.5
[   11.611635] pciehp: PCI Express Hot Plug Controller Driver version: 0.4
[   11.664625] ACPI: AC Adapter [AC] (off-line)
[   11.701402] input: Power Button as /devices/LNXSYSTM:00/LNXPWRBN:00/input/input0
[   11.753347] ACPI: Power Button [PWRF]
[   11.806975] input: Sleep Button as /devices/LNXSYSTM:00/LNXSLPBN:00/input/input1
[   11.880077] tsc: Refined TSC clocksource calibration: 1599.859 MHz
[   11.881590] clocksource: tsc: mask: 0xffffffffffffffff max_cycles: 0x170f9fc12df, max_idle_ns: 440795222549 ns
[   11.884109] ACPI: Sleep Button [SLPF]
[   11.931801] GHES: HEST is not enabled!
[   11.934111] Serial: 8250/16550 driver, 32 ports, IRQ sharing enabled
[   11.935115] ACPI: Battery Slot [BAT0] (battery present)
[   12.047236] 00:02: ttyS0 at I/O 0x3f8 (irq = 4, base_baud = 115200) is a 16550A
[   12.146927] Linux agpgart interface v0.103
[   12.184635] loop: module loaded
[   12.218488] scsi host0: ata_piix
[   12.249313] scsi host1: ata_piix
[   12.286251] ata1: PATA max UDMA/33 cmd 0x1f0 ctl 0x3f6 bmdma 0xd000 irq 14
[   12.387362] ata2: PATA max UDMA/33 cmd 0x170 ctl 0x376 bmdma 0xd008 irq 15
[   12.480140] libphy: Fixed MDIO Bus: probed
[   12.537714] tun: Universal TUN/TAP device driver, 1.6
[   12.619607] tun: (C) 1999-2004 Max Krasnyansky <maxk@qualcomm.com>
[   12.726692] PPP generic driver version 2.4.2
[   12.755345] ehci_hcd: USB 2.0 'Enhanced' Host Controller (EHCI) Driver
[   12.773783] ehci-pci: EHCI PCI platform driver
[   12.782375] ehci-platform: EHCI generic platform driver
[   12.787781] ohci_hcd: USB 1.1 'Open' Host Controller (OHCI) Driver
[   12.795001] ohci-pci: OHCI PCI platform driver
[   12.800697] ohci-platform: OHCI generic platform driver
[   12.808215] uhci_hcd: USB Universal Host Controller Interface driver
[   12.818652] i8042: PNP: PS/2 Controller [PNP0303:PS2K,PNP0f03:PS2M] at 0x60,0x64 irq 1,12
[   12.830297] serio: i8042 KBD port at 0x60,0x64 irq 1
[   12.841303] serio: i8042 AUX port at 0x60,0x64 irq 12
[   12.849993] mousedev: PS/2 mouse device common for all mice
[   12.859123] input: AT Translated Set 2 keyboard as /devices/platform/i8042/serio0/input/input2
[   12.870404] rtc_cmos rtc_cmos: rtc core: registered rtc_cmos as rtc0
[   12.921297] rtc_cmos rtc_cmos: alarms up to one day, 114 bytes nvram
[   12.983834] i2c /dev entries driver
[   12.992580] device-mapper: uevent: version 1.0.3
[   13.044515] device-mapper: ioctl: 4.34.0-ioctl (2015-10-28) initialised: dm-devel@redhat.com
[   13.065539] ledtrig-cpu: registered to indicate activity on CPUs
[   13.114580] NET: Registered protocol family 10
[   13.212355] NET: Registered protocol family 17
[   13.260971] Key type dns_resolver registered
[   13.281459] microcode: CPU0 sig=0x306d4, pf=0x40, revision=0x0
[   13.337746] microcode: CPU1 sig=0x306d4, pf=0x40, revision=0x0
[   13.414385] microcode: Microcode Update Driver: v2.01 <tigran@aivazian.fsnet.co.uk>, Peter Oruba
[   13.497858] registered taskstats version 1
[   13.570732] Loading compiled-in X.509 certificates
[   13.649714] Loaded X.509 cert 'Build time autogenerated kernel key: 420a71e958a947963108b13c1c2e45412a03ca90'
[   13.775265] zswap: loaded using pool lzo/zbud
[   13.788349] Key type trusted registered
[   13.811063] Key type encrypted registered
[   13.837925] AppArmor: AppArmor sha1 policy hashing enabled
[   13.851336] ima: No TPM chip found, activating TPM-bypass!
[   13.871215] evm: HMAC attrs: 0x1
[   13.879067]   Magic number: 13:185:222
[   13.891199] rtc_cmos rtc_cmos: setting system clock to 2017-08-14 09:12:37 UTC (1502701957)
[   13.999433] BIOS EDD facility v0.16 2004-Jun-25, 0 devices found
[   14.027260] EDD information not available.
[   14.112979] Freeing unused kernel memory: 1488K (ffffffff81f45000 - ffffffff820b9000)
[   14.206703] Write protecting the kernel read-only data: 14336k
[   14.275739] Freeing unused kernel memory: 1752K (ffff88000184a000 - ffff880001a00000)
[   14.379780] Freeing unused kernel memory: 112K (ffff880001de4000 - ffff880001e00000)
Loading, please wait...
[   14.463908] random: systemd-udevd: uninitialized urandom read (16 bytes read, 7 bits of entropy available)
starting version[   14.464603] random: udevadm: uninitialized urandom read (16 bytes read, 7 bits of entropy available)
 229
[   14.464642] random: udevadm: uninitialized urandom read (16 bytes read, 7 bits of entropy available)
[   14.464759] random: udevadm: uninitialized urandom read (16 bytes read, 7 bits of entropy available)
[   14.464801] random: udevadm: uninitialized urandom read (16 bytes read, 7 bits of entropy available)
[   14.464840] random: udevadm: uninitialized urandom read (16 bytes read, 7 bits of entropy available)
[   14.464879] random: udevadm: uninitialized urandom read (16 bytes read, 7 bits of entropy available)
[   14.464919] random: udevadm: uninitialized urandom read (16 bytes read, 7 bits of entropy available)
[   14.464956] random: udevadm: uninitialized urandom read (16 bytes read, 7 bits of entropy available)
[   14.464993] random: udevadm: uninitialized urandom read (16 bytes read, 7 bits of entropy available)
[   15.024505] e1000: Intel(R) PRO/1000 Network Driver - version 7.3.21-k8-NAPI
[   15.033136] e1000: Copyright (c) 1999-2006 Intel Corporation.
[   15.040618] Fusion MPT base driver 3.04.20
[   15.048918] Copyright (c) 1999-2008 LSI Corporation
[   15.065916] AVX version of gcm_enc/dec engaged.
[   15.080907] AES CTR mode by8 optimization enabled
[   15.086437] Fusion MPT SPI Host driver 3.04.20
[   15.283592] input: ImExPS/2 Generic Explorer Mouse as /devices/platform/i8042/serio1/input/input4
[   15.425193] e1000 0000:00:03.0 eth0: (PCI:33MHz:32-bit) 02:c0:e2:3c:71:11
[   15.552526] e1000 0000:00:03.0 eth0: Intel(R) PRO/1000 Network Connection
[   16.038072] e1000 0000:00:08.0 eth1: (PCI:33MHz:32-bit) 08:00:27:2a:1c:76
[   16.144048] e1000 0000:00:08.0 eth1: Intel(R) PRO/1000 Network Connection
[   16.228434] mptbase: ioc0: Initiating bringup
[   16.228991] e1000 0000:00:08.0 enp0s8: renamed from eth1
[   16.260798] e1000 0000:00:03.0 enp0s3: renamed from eth0
[   16.316377] ioc0: LSI53C1030 A0: Capabilities={Initiator}
[   16.480407] scsi host2: ioc0: LSI53C1030 A0, FwRev=00000000h, Ports=1, MaxQ=256, IRQ=20
[   16.752735] scsi 2:0:0:0: Direct-Access     VBOX     HARDDISK         1.0  PQ: 0 ANSI: 5
[   16.885370] scsi target2:0:0: Beginning Domain Validation
[   16.931053] scsi target2:0:0: Domain Validation skipping write tests
[   16.977777] scsi target2:0:0: Ending Domain Validation
[   16.996994] scsi target2:0:0: asynchronous
[   17.034891] scsi 2:0:1:0: Direct-Access     VBOX     HARDDISK         1.0  PQ: 0 ANSI: 5
[   17.100878] scsi target2:0:1: Beginning Domain Validation
[   17.144109] scsi target2:0:1: Domain Validation skipping write tests
[   17.195708] scsi target2:0:1: Ending Domain Validation
[   17.262348] scsi target2:0:1: asynchronous
[   17.334787] sd 2:0:0:0: Attached scsi generic sg0 type 0
[   17.337385] sd 2:0:0:0: [sda] 20971520 512-byte logical blocks: (10.7 GB/10.0 GiB)
[   17.361736] sd 2:0:1:0: [sdb] 20480 512-byte logical blocks: (10.5 MB/10.0 MiB)
[   17.362127] sd 2:0:1:0: Attached scsi generic sg1 type 0
[   17.362521] sd 2:0:0:0: [sda] Write Protect is off
[   17.362655] sd 2:0:0:0: [sda] Incomplete mode parameter data
[   17.362656] sd 2:0:0:0: [sda] Assuming drive cache: write through
[   17.373639]  sda: sda1
[   17.374306] sd 2:0:0:0: [sda] Attached SCSI disk
[   17.687961] sd 2:0:1:0: [sdb] Write Protect is off
[   17.738624] sd 2:0:1:0: [sdb] Incomplete mode parameter data
[   17.770074] sd 2:0:1:0: [sdb] Assuming drive cache: write through
[   17.820488] sd 2:0:1:0: [sdb] Attached SCSI disk
[   18.044372] floppy0: no floppy controllers found
Begin: Loading e[   19.465193] md: linear personality registered for level -1
ssential drivers ... [   19.531785] md: multipath personality registered for level -4
[   19.544648] md: raid0 personality registered for level 0
[   19.591113] md: raid1 personality registered for level 1
[   19.700018] raid6: sse2x1   gen()  6854 MB/s
[   19.808001] raid6: sse2x1   xor()  5644 MB/s
[   19.916117] raid6: sse2x2   gen()  9120 MB/s
[   20.016142] raid6: sse2x2   xor()  5690 MB/s
[   20.116086] raid6: sse2x4   gen() 10988 MB/s
[   20.232346] raid6: sse2x4   xor()  7725 MB/s
[   20.279411] raid6: using algorithm sse2x4 gen() 10988 MB/s
[   20.310225] raid6: .... xor() 7725 MB/s, rmw enabled
[   20.327528] raid6: using ssse3x2 recovery algorithm
[   20.359271] xor: automatically using best checksumming function:
[   20.456778]    avx       : 17690.000 MB/sec
[   20.532362] async_tx: api initialized (async)
[   20.547501] md: raid6 personality registered for level 6
[   20.571024] md: raid5 personality registered for level 5
[   20.593327] md: raid4 personality registered for level 4
[   20.620194] md: raid10 personality registered for level 10
done.
Begin: Running /scripts/init-premount ... done.
Begin: Mounting root file syste[   20.672328] Btrfs loaded
m ... Begin: Running /scripts/local-top ... done.
Begin: Running /scripts/local-premount ... Scanning for Btrfs filesystems
done.
Warning: fsck no[   20.737130] EXT4-fs (sda1): mounted filesystem with ordered data mode. Opts: (null)
t present, so skipping root file system
done.
Begin: Running /scripts/local-bottom ... done.
Begin: Running /scripts/init-bottom ... done.
[   20.875454] systemd[1]: systemd 229 running in system mode. (+PAM +AUDIT +SELINUX +IMA +APPARMOR +SMACK +SYSVINIT +UTMP +LIBCRYPTSETUP +GCRYPT +GNUTLS +ACL +XZ -LZ4 +SECCOMP +BLKID +ELFUTILS +KMOD -IDN)
[   21.127704] systemd[1]: Detected virtualization oracle.
[   21.154091] systemd[1]: Detected architecture x86-64.

Welcome to [1mUbuntu 16.04.3 LTS[0m!

[   21.237427] systemd[1]: Set hostname to <ubuntu>.
[   21.337840] systemd[1]: Initializing machine ID from random generator.
[   21.427708] systemd[1]: Installed transient /etc/machine-id file.
[   21.539639] systemd[1]: Listening on Device-mapper event daemon FIFOs.
[[0;32m  OK  [0m] Listening on Device-mapper event daemon FIFOs.
[   21.633110] systemd[1]: Listening on udev Control Socket.
[[0;32m  OK  [0m] Listening on udev Control Socket.
[   21.736539] systemd[1]: Listening on LVM2 metadata daemon socket.
[[0;32m  OK  [0m] Listening on LVM2 metadata daemon socket.
[   21.837191] systemd[1]: Listening on LVM2 poll daemon socket.
[[0;32m  OK  [0m] Listening on LVM2 poll daemon socket.
[   21.972715] systemd[1]: Listening on Syslog Socket.
[[0;32m  OK  [0m] Listening on Syslog Socket.
[   22.097236] systemd[1]: Set up automount Arbitrary Executable File Formats File System Automount Point.
[[0;32m  OK  [0m] Set up automount Arbitrary Executab...ats File System Automount Point.
[   22.273488] systemd[1]: Created slice System Slice.
[[0;32m  OK  [0m] Created slice System Slice.
[   22.353084] systemd[1]: Created slice system-serial\x2dgetty.slice.
[[0;32m  OK  [0m] Created slice system-serial\x2dgetty.slice.
[   22.392217] systemd[1]: Listening on Journal Socket (/dev/log).
[[0;32m  OK  [0m] Listening on Journal Socket (/dev/log).
[   22.453182] systemd[1]: Reached target Swap.
[[0;32m  OK  [0m] Reached target Swap.
[   22.520863] systemd[1]: Listening on Journal Audit Socket.
[[0;32m  OK  [0m] Listening on Journal Audit Socket.
[   22.668476] systemd[1]: Listening on udev Kernel Socket.
[[0;32m  OK  [0m] Listening on udev Kernel Socket.
[   22.787536] systemd[1]: Listening on /dev/initctl Compatibility Named Pipe.
[[0;32m  OK  [0m] Listening on /dev/initctl Compatibility Named Pipe.
[   22.800125] systemd[1]: Reached target Encrypted Volumes.
[[0;32m  OK  [0m] Reached target Encrypted Volumes.
[   22.869816] systemd[1]: Started Trigger resolvconf update for networkd DNS.
[[0;32m  OK  [0m] Started Trigger resolvconf update for networkd DNS.
[   23.016601] systemd[1]: Listening on Journal Socket.
[[0;32m  OK  [0m] Listening on Journal Socket.
[   23.092321] systemd[1]: Starting Uncomplicated firewall...
[   23.117730] random: nonblocking pool is initialized
         Starting Uncomplicated firewall...
[   23.180421] systemd[1]: Starting Load Kernel Modules...
[   23.189800] Loading iSCSI transport class v2.0-870.
         Startin[   23.267311] iscsi: registered transport (tcp)
g Load Kernel Modules...
[   23.327010] iscsi: registered transport (iser)
[   23.372486] systemd[1]: Starting Nameserver information manager...
         Starting Nameserver information manager...
[   23.424487] systemd[1]: Starting Set console keymap...
         Starting Set console keymap...
[   23.513278] systemd[1]: Starting Remount Root and Kernel File Systems...
         Startin[   23.524900] EXT4-fs (sda1): re-mounted. Opts: (null)
g Remount Root and Kernel File Systems...
[   23.628620] systemd[1]: Starting Journal Service...
         Starting Journal Service...
[   23.713577] systemd[1]: Mounting Huge Pages File System...
         Mounting Huge Pages File System...
[   23.820798] systemd[1]: Starting Monitoring of LVM2 mirrors, snapshots etc. using dmeventd or progress polling...
         Starting Monitoring of LVM2 mirrors... dmeventd or progress polling...
[   23.916910] systemd[1]: Mounting POSIX Message Queue File System...
         Mounting POSIX Message Queue File System...
[   23.981600] systemd[1]: Mounting Debug File System...
         Mounting Debug File System...
[   24.029686] systemd[1]: Starting Create list of required static device nodes for the current kernel...
         Starting Create list of required st... nodes for the current kernel...
[   24.135941] systemd[1]: Reached target User and Group Name Lookups.
[[0;32m  OK  [0m] Reached target User and Group Name Lookups.
[   24.289239] systemd[1]: Started Forward Password Requests to Wall Directory Watch.
[[0;32m  OK  [0m] Started Forward Password Requests to Wall Directory Watch.
[   24.445454] systemd[1]: Created slice User and Session Slice.
[[0;32m  OK  [0m] Created slice User and Session Slice.
[   24.496690] systemd[1]: Reached target Slices.
[[0;32m  OK  [0m] Reached target Slices.
[   24.597449] systemd[1]: Mounted POSIX Message Queue File System.
[[0;32m  OK  [0m] Mounted POSIX Message Queue File System.
[   24.684362] systemd[1]: Mounted Huge Pages File System.
[[0;32m  OK  [0m] Mounted Huge Pages File System.
[   24.724707] systemd[1]: Mounted Debug File System.
[[0;32m  OK  [0m] Mounted Debug File System.
[   24.812796] systemd[1]: Started Journal Service.
[[0;32m  OK  [0m] Started Journal Service.
[[0;32m  OK  [0m] Started Uncomplicated firewall.
[[0;32m  OK  [0m] Started Load Kernel Modules.
[[0;32m  OK  [0m] Started Set console keymap.
[[0;32m  OK  [0m] Started Remount Root and Kernel File Systems.
[[0;32m  OK  [0m] Started Create list of required sta...ce nodes for the current kernel.
[[0;32m  OK  [0m] Started Nameserver information manager.
[[0;32m  OK  [0m] Started LVM2 metadata daemon.
         Starting Create Static Device Nodes in /dev...
         Starting udev Coldplug all Devices...
         Starting Load/Save Random Seed...
         Starting Initial cloud-init job (pre-networking)...
         Starting Apply Kernel Variables...
         Mounting FUSE Control File System...
         Starting Flush Journal to Persistent Storage...
[[0;32m  OK  [0m] Mounted FUSE Control File System.
[[0;32m  OK  [0m] Started Create Static Device Nodes in /dev.
[[0;32m  OK  [0m] Started Load/Save Random Seed.
[[0;32m  OK  [0m] Started Apply Kernel Variables.
[[0;32m  OK  [0m] Started udev Coldplug all Devices.
[[0;32m  OK  [0m] Started Flush Journal to Persistent Storage.
         Starting udev Kernel Device Manager...
[[0;32m  OK  [0m] Started Monitoring of LVM2 mirrors,...ng dmeventd or progress polling.
[[0;32m  OK  [0m] Started udev Kernel Device Manager.
[[0;32m  OK  [0m] Started Dispatch Password Requests to Console Directory Watch.
[[0;32m  OK  [0m] Reached target Local File Systems (Pre).
[[0;32m  OK  [0m] Reached target Local File Systems.
         Starting Set console font and keymap...
         Starting Commit a transient machine-id on disk...
         Starting LSB: AppArmor initialization...
         Starting Tell Plymouth To Write Out Runtime Data...
         Starting Create Volatile Files and Directories...
[[0;32m  OK  [0m] Started Commit a transient machine-id on disk.
[[0;32m  OK  [0m] Started Tell Plymouth To Write Out Runtime Data.
[[0;32m  OK  [0m] Started Create Volatile Files and Directories.
[[0;32m  OK  [0m] Found device /dev/ttyS0.
[[0;32m  OK  [0m] Reached target System Time Synchronized.
         Starting Update UTMP about System Boot/Shutdown...
[[0;32m  OK  [0m] Started Update UTMP about System Boot/Shutdown.
[[0;32m  OK  [0m] Listening on Load/Save RF Kill Switch Status /dev/rfkill Watch.
[   19.301298] cloud-init[449]: Cloud-init v. 0.7.9 running 'init-local' at Mon, 14 Aug 2017 09:12:49 +0000. Up 18.59 seconds.
[[0;32m  OK  [0m] Started Initial cloud-init job (pre-networking).
[[0;1;31mFAILED[0m] Failed to start Set console font and keymap.
See 'systemctl status console-setup.service' for details.
[[0;32m  OK  [0m] Started LSB: AppArmor initialization.
[[0;32m  OK  [0m] Created slice system-getty.slice.
[[0;32m  OK  [0m] Reached target Network (Pre).
         Starting Raise network interfaces...
[[0;32m  OK  [0m] Started Raise network interfaces.
[[0;32m  OK  [0m] Reached target Network.
         Starting Initial cloud-init job (metadata service crawler)...
[   22.931646] cloud-init[913]: Cloud-init v. 0.7.9 running 'init' at Mon, 14 Aug 2017 09:12:53 +0000. Up 22.21 seconds.
[   23.000862] cloud-init[913]: ci-info: ++++++++++++++++++++++++++++++++++++++Net device info++++++++++++++++++++++++++++++++++++++
[   23.001678] cloud-init[913]: ci-info: +--------+-------+----------------------------+---------------+-------+-------------------+
[[0;32m  OK  [0m] Started Initial cloud-init job (metadata service crawler).
[   23.001813] cloud-init[913]: ci-info: | Device |   Up  |          Address           |      Mask     | Scope |     Hw-Address    |
[   23.224987] cloud-init[913]: ci-info: +--------+-------+----------------------------+---------------+-------+-------------------+
[   23.225798] cloud-init[913]: ci-info: |   lo   |  True |         127.0.0.1          |   255.0.0.0   |   .   |         .         |
[[0;32m  OK  [0m] Reached target System Initialization.
[   23.226345] cloud-init[913]: ci-info: |   lo   |  True |          ::1/128           |       .       |  host |         .         |
[   23.397436] cloud-init[913]: ci-info: | enp0s3 |  True |         10.0.2.15          | 255.255.255.0 |   .   | 02:c0:e2:3c:71:11 |
[[0;32m  OK  [0m] Listening on UUID daemon activation socket.
[   23.397894] cloud-init[913]: ci-info: | enp0s3 |  True | fe80::c0:e2ff:fe3c:7111/64 |       .       |  link | 02:c0:e2:3c:71:11 |
[   23.580957] cloud-init[913]: ci-info: | enp0s8 | False |             .              |       .       |   .   | 08:00:27:2a:1c:76 |
[   23.581507] cloud-init[913]: ci-info: +--------+-------+----------------------------+---------------+-------+-------------------+
[[0;32m  OK  [0m] Started ACPI Events Check.
[[   23.582100] cloud-init[913]: ci-info: +++++++++++++++++++++++++++Route IPv4 info++++++++++++++++++++++++++++
[   23.754247] cloud-init[913]: ci-info: +-------+-------------+----------+---------------+-----------+-------+
[   23.754635] cloud-init[913]: ci-info: | Route | Destination | Gateway  |    Genmask    | Interface | Flags |
[0;32m  OK  [0m] Reached target Paths.
[[   23.755417] cloud-init[913]: ci-info: +-------+-------------+----------+---------------+-----------+-------+
[   23.942250] cloud-init[913]: ci-info: |   0   |   0.0.0.0   | 10.0.2.2 |    0.0.0.0    |   enp0s3  |   UG  |
[0;32m  OK  [0m] Started Timer to automatically refresh installed snaps.
[   23.942469] cloud-init[913]: ci-info: |   1   |   10.0.2.0  | 0.0.0.0  | 255.255.255.0 |   enp0s3  |   U   |
[   24.088295] cloud-init[913]: ci-info: +-------+-------------+----------+---------------+-----------+-------+
[   24.089004] cloud-init[913]: Generating public/private rsa key pair.
         Starting LXD - unix socket.
[   24.089327] cloud-init[913]: Your identification has been saved in /etc/ssh/ssh_host_rsa_key.
[   24.201340] cloud-init[913]: Your public key has been saved in /etc/ssh/ssh_host_rsa_key.pub.
         Starting Socket activation for snappy daemon.
[   24.201691] cloud-init[913]: The key fingerprint is:
[   24.334189] cloud-init[913]: SHA256:ZJ15qI8HmMzchboTFn6nTUKIfSCfOnGnmwAlgHP+F68 root@ubuntu-xenial
[[0;32m  OK  [0m] Listening on ACPID Listen Socket.
[[   24.334620] cloud-init[913]: The key's randomart image is:
[   24.466034] cloud-init[913]: +---[RSA 2048]----+
[   24.466448] cloud-init[913]: |o.. o .          |
[0;32m  OK  [0m] Listening on D-Bus System Message Bus Socket.
[   24.467516] cloud-init[913]: |o .o = + o +     |
[   24.545949] cloud-init[913]: | +. o B B * .    |
[[0;32m  OK  [0m] Started Daily Cleanup of Temporary Directories.
[   24.546203] cloud-init[913]: |  .. O.& o .     |
[   24.581143] cloud-init[913]: |   .+ %oS o      |
[[0;32m  OK  [0m] Reached target Network is Online.
[   24.581340] cloud-init[913]: |    .+.*.X       |
[   24.664916] cloud-init[913]: |     .=.o +      |
[   24.665279] cloud-init[913]: |      E. .       |
         Starting iSCSI initiator daemon (iscsid)...
[[   24.665543] cloud-init[913]: |                 |
[   24.741828] cloud-init[913]: +----[SHA256]-----+
[   24.742163] [0;32m  OK  [0mcloud-init] [913]: Started Daily apt download activities.Generating public/private dsa key pair.

[   24.801041] cloud-init[913]: Your identification has been saved in /etc/ssh/ssh_host_dsa_key.
[   24.801975] cloud-init[913]: Your public key has been saved in /etc/ssh/ssh_host_dsa_key.pub.
[[0;32m  OK  [0m] Started Daily apt upgrade and clean activities.
[   24.802182] cloud-init[913]: The key fingerprint is:
[   24.917221] cloud-init[913]: SHA256:C0OiPrTe6OCzv58PjXn9b5kqi3E3mvC5RsqZvufBdmc root@ubuntu-xenial
[[0;32m  OK  [0m] Reached target Timers.
[[   24.917534] cloud-init[913]: The key's randomart image is:
[   25.053407] cloud-init[913]: +---[DSA 1024]----+
[   25.053735] cloud-init[913]: |                 |
[0;32m  OK  [0m] Reached target Cloud-config availability.
[   25.054028] cloud-init[913]: |                 |
[   25.176578] cloud-init[913]: |    . .          |
[[0;32m  OK  [0m] Listening on LXD - unix socket.
[   25.177136] cloud-init[913]: |   . o           |
[   25.264992] cloud-init[913]: |  o   o S        |
[   25.265709] cloud-init[913]: | o .  +ooo       |
[[0;32m  OK  [0m] Listening on Socket activation for snappy daemon.
[   25.266014] cloud-init[913]: |. +  +.=** + Eo  |
[   25.360440] cloud-init[913]: |.+ +  +=B+O ++   |
[   25.404562] cloud-init[913]: | +Bo+oo==O+o+.   |
[   25.444789] cloud-init[913]: +----[SHA256]-----+
[   25.476529] cloud-init[913]: Generating public/private ecdsa key pair.
[   25.501442] cloud-init[913]: Your identification has been saved in /etc/ssh/ssh_host_ecdsa_key.[[0;32m  OK  [0m] Started iSCSI initiator daemon (iscsid).

[   25.537016] cloud-init[913]: Your public key has been saved in /etc/ssh/ssh_host_ecdsa_key.pub.
[   25.537565] cloud-init[913]: The key fingerprint is:
         Starting Login to default iSCSI targets...
[   25.537835] cloud-init[913]: SHA256:iL731IkUmy130C2TkdOutm2DLI/WoWktIevYrl1dm+8 root@ubuntu-xenial
[   25.660107] cloud-init[913]: The key's randomart image is:
[   25.660334] cloud-init[913]: +---[ECDSA 256]---+
[   25.660627] cloud-init[913]: |            .o   |
[   25.660928] cloud-init[913]: |           .o+.  |
[   25.661230] cloud-init[913]: |        . . =o.  |
[   25.661528] cloud-init[913]: |     . . = . o.  |
[   25.661830] cloud-init[913]: |    . . S o ...  |
[   25.662125] cloud-init[913]: |   .   ..=.++. o |
[   25.662358] cloud-init[913]: |    .   oo+O.=o  |
[[0;32m  OK  [0m] Reached target Sockets.
[   25.662600] cloud-init[913]: |     ..=..B.* +. |
[   25.796562] cloud-init[913]: |    ..o=*o.+.. oE|
[   25.797133] cloud-init[913]: +----[SHA256]-----+
[[0;32m  OK  [0m] Reached target Basic System.
[   25.797404] cloud-init[913]: Generating public/private ed25519 key pair.
[   25.909072] cloud-init[913]: Your identification has been saved in /etc/ssh/ssh_host_ed25519_key.
[   25.909602] cloud-init[913]: Your public key has been saved in /etc/ssh/ssh_host_ed25519_key.pub.
         Starting Login Service...
[   25.909823] cloud-init[913]: The key fingerprint is:
[   26.076778] cloud-init[913]: SHA256:4G/OvR+3TkBVxbK7eBONibfSOhL7Fm5yw39Ex5ergUE root@ubuntu-xenial
[   26.077346] cloud-init[913]: The key's randomart image is:
         Starting LSB: Record successful boot for GRUB...
[   26.077597] cloud-init[913]: +--[ED25519 256]--+
[   26.228445] cloud-init[913]: |              .o+|
[   26.229096] cloud-init[913]: |           E .. .|
         Starting Accounts Service...
[   26.229358] cloud-init[913]: |      .   . .  +.|
[   26.348613] cloud-init[913]: |     . .   o  ..=|
[   26.349161] cloud-init[913]: |      . S   +. *+|
[[0;32m  OK  [0m] Started FUSE filesystem for LXC.
[   26.349395] cloud-init[913]: |       .  ..oo*.o|
         [   26.464363] Starting LXD - container startup/shutdown...cloud-init
[913]: |        o  =.=== |
[   26.496311] cloud-init[913]: |       + .+ @=*..|
[[0;32m  OK  [0m] Started Snappy daemon.
[   26.539654] cloud-init[913]: |        o oX+O+o |
[   26.590120] cloud-init[913]: +----[SHA256]-----+
         Starting LSB: MD monitoring daemon...
         Starting Apply the settings specified in cloud-config...
[[0;32m  OK  [0m] Started D-Bus System Message Bus.
         Starting /etc/rc.local Compatibility...
[[0;32m  OK  [0m] Started Unattended Upgrades Shutdown.
[[0;32m  OK  [0m] Started ACPI event daemon.
[[0;32m  OK  [0m] Started Deferred execution scheduler.
         Starting Auto import assertions from block devices...
         Starting System Logging Service...
         Starting Pollinate to seed the pseudo random number generator...
[[0;32m  OK  [0m] Started Regular background program processing daemon.
[[0;32m  OK  [0m] Started System Logging Service.
[[0;32m  OK  [0m] Started LXD - container startup/shutdown.
[[0;32m  OK  [0m] Started /etc/rc.local Compatibility.
[[0;32m  OK  [0m] Started Auto import assertions from block devices.
[[0;32m  OK  [0m] Started Pollinate to seed the pseudo random number generator.
[   27.221936] cloud-init[1048]: Generating locales (this might take a while)...
[[0;32m  OK  [0m] Started LSB: Record successful boot for GRUB.
[[0;32m  OK  [0m] Started Login to default iSCSI targets.
[[0;32m  OK  [0m] Started LSB: MD monitoring daemon.
[[0;32m  OK  [0m] Started Login Service.
         Starting Authenticate and Authorize Users to Run Privileged Tasks...
[[0;32m  OK  [0m] Reached target Remote File Systems (Pre).
[[0;32m  OK  [0m] Reached target Remote File Systems.
         Starting LSB: automatic crash report generation...
         Starting LSB: VirtualBox Linux Additions...
         Starting LSB: Set the CPU Frequency Scaling governor to "ondemand"...
         Starting Permit User Sessions...
         Starting LSB: daemon to balance interrupts for SMP systems...
         Starting OpenBSD Secure Shell server...
[[0;32m  OK  [0m] Started Permit User Sessions.
[[0;32m  OK  [0m] Started OpenBSD Secure Shell server.
[[0;32m  OK  [0m] Started Authenticate and Authorize Users to Run Privileged Tasks.
[[0;32m  OK  [0m] Started Accounts Service.
[[0;32m  OK  [0m] Started LSB: automatic crash report generation.
[[0;32m  OK  [0m] Started LSB: VirtualBox Linux Additions.
[[0;32m  OK  [0m] Started LSB: Set the CPU Frequency Scaling governor to "ondemand".
         Starting Hold until boot process finishes up...
         Starting Terminate Plymouth Boot Screen...
[[0;32m  OK  [0m] Started LSB: daemon to balance interrupts for SMP systems.
[[0;32m  OK  [0m] Started Hold until boot process finishes up.
[[0;32m  OK  [0m] Started Terminate Plymouth Boot Screen.
[[0;32m  OK  [0m] Started Getty on tty1.
         Starting Set console scheme...
[[0;32m  OK  [0m] Started Serial Getty on ttyS0.
[[0;32m  OK  [0m] Reached target Login Prompts.
[[0;32m  OK  [0m] Reached target Multi-User System.
[[0;32m  OK  [0m] Reached target Graphical Interface.
         Starting Update UTMP about System Runlevel Changes...
[[0;32m  OK  [0m] Started Set console scheme.
[   28.383425] cloud-init[1048]:   en_US.UTF-8... done
[   28.456509] cloud-init[1048]: Generation complete.
[[0;32m  OK  [0m] Started Update UTMP about System Runlevel Changes.
         Stopping OpenBSD Secure Shell server...
[[0;32m  OK  [0m] Stopped OpenBSD Secure Shell server.
         Starting OpenBSD Secure Shell server...
[[0;32m  OK  [0m] Started OpenBSD Secure Shell server.
[[0;32m  OK  [0m] Created slice User Slice of ubuntu.
         Starting User Manager for UID 1000...
[[0;32m  OK  [0m] Started Session 1 of user ubuntu.
[[0;32m  OK  [0m] Started User Manager for UID 1000.
[   28.944140] cloud-init[1048]: Cloud-init v. 0.7.9 running 'modules:config' at Mon, 14 Aug 2017 09:12:58 +0000. Up 27.11 seconds.
[[0;32m  OK  [0m] Started Apply the settings specified in cloud-config.
         Starting Execute cloud user/final scripts...
ci-info: no authorized ssh keys fingerprints found for user ubuntu.
<14>Aug 14 09:13:00 ec2: 
<14>Aug 14 09:13:00 ec2: #############################################################
<14>Aug 14 09:13:00 ec2: -----BEGIN SSH HOST KEY FINGERPRINTS-----
<14>Aug 14 09:13:00 ec2: 1024 SHA256:C0OiPrTe6OCzv58PjXn9b5kqi3E3mvC5RsqZvufBdmc root@ubuntu-xenial (DSA)
<14>Aug 14 09:13:00 ec2: 256 SHA256:iL731IkUmy130C2TkdOutm2DLI/WoWktIevYrl1dm+8 root@ubuntu-xenial (ECDSA)
<14>Aug 14 09:13:00 ec2: 256 SHA256:4G/OvR+3TkBVxbK7eBONibfSOhL7Fm5yw39Ex5ergUE root@ubuntu-xenial (ED25519)
<14>Aug 14 09:13:00 ec2: 2048 SHA256:ZJ15qI8HmMzchboTFn6nTUKIfSCfOnGnmwAlgHP+F68 root@ubuntu-xenial (RSA)
<14>Aug 14 09:13:00 ec2: -----END SSH HOST KEY FINGERPRINTS-----
<14>Aug 14 09:13:00 ec2: #############################################################
-----BEGIN SSH HOST KEY KEYS-----
ecdsa-sha2-nistp256 AAAAE2VjZHNhLXNoYTItbmlzdHAyNTYAAAAIbmlzdHAyNTYAAABBBJfiS11uAeiTMNaNByG3qyHKqiqHN80C8Gkf2rpzjE7zVF4vXRIaSViLzhqJ0qDox0EWHGR5QqWub4Ga42gHwPo= root@ubuntu-xenial
ssh-ed25519 AAAAC3NzaC1lZDI1NTE5AAAAIKSREgOUMSmm1qGRGyBXR6kYyBrcbGLm9uKLCyJGK66y root@ubuntu-xenial
ssh-rsa AAAAB3NzaC1yc2EAAAADAQABAAABAQDR4e85kDwKncTzRl85/6ajy8hGmCck7MKbT+A3Lo3rk2VQTr56hTd4K9gcO7q+aA2G8WZAlnpGapS8d/9KFblabQLwbzuUX79dlsaVkfzqINjgQjIxZVTNuvSRl5hB+N+nn76IwHGy8V1pT8qWMoALPur0f9G96D+RVuI9mz5klPQhD4Hjv1yt+x+IU0pqkuhD33GxjLMe4irm0aGxaE75sYYnf1t5vzrk3ypl4Z5I5d3kQ3buB7UcZk3aa6gRvhuaE0VxFLk4fMsKtgEd0aeLMig+8Ow+OLyJ04wbV8rVXqTUzYcvH8Xun5ogMIS1C7vMXo/asxgxzzwVvuKHtGEJ root@ubuntu-xenial
-----END SSH HOST KEY KEYS-----
[   30.182213] cloud-init[1352]: Cloud-init v. 0.7.9 running 'modules:final' at Mon, 14 Aug 2017 09:13:00 +0000. Up 29.70 seconds.
[   30.220825] cloud-init[1352]: ci-info: no authorized ssh keys fingerprints found for user ubuntu.
[[0;32m  OK  [0m] Started Execute cloud user/final scripts.
[   30.266408] cloud-init[1352]: Cloud-init v. 0.7.9 finished at Mon, 14 Aug 2017 09:13:01 +0000. Datasource DataSourceNoCloud [seed=/dev/sdb][dsmode=net].  Up 30.17 seconds
[[0;32m  OK  [0m] Reached target Cloud-init target.

Ubuntu 16.04.3 LTS ubuntu-xenial ttyS0

ubuntu-xenial login: 